 
Ansys Electronics Desktop Version 2024.2.0, Build: 2024-05-23 02:23:50
Location: C:\Program Files\AnsysEM\v242\Win64\ansysedt.exe
Non Graphical Mode: No Project??
Starting Batch Run: 5:45:16 PM  Jan 25, 2026
Running as user : AD\cli893
Temp directory: C:\Temp
Project directory: C:\Users\cli893\Downloads
The project 'Project5' has been edited and/or solved. Do you want to save the changes?
-- Message Window --
      *Global - Messages
        [info] GRPC server running on port: 50051. 
        [info] The project 'Project5' has been edited and/or solved. Do you want to save the changes?
-- Message Window --
Stopping Batch Run: 5:50:27 PM  Jan 25, 2026
 
Ansys Electronics Desktop Version 2024.2.0, Build: 2024-05-23 02:23:50
Location: C:\Program Files\AnsysEM\v242\Win64\ansysedt.exe
Non Graphical Mode: No Project??
Starting Batch Run: 5:51:38 PM  Jan 25, 2026
Running as user : AD\cli893
Temp directory: C:\Temp
Project directory: C:\Users\cli893\Downloads
The project 'Project5' has been edited and/or solved. Do you want to save the changes?
-- Message Window --
      *Global - Messages
        [info] GRPC server running on port: 50051. 
        [info] The project 'Project5' has been edited and/or solved. Do you want to save the changes?
-- Message Window --
Stopping Batch Run: 5:55:55 PM  Jan 25, 2026
 
Ansys Electronics Desktop Version 2024.2.0, Build: 2024-05-23 02:23:50
Location: C:\Program Files\AnsysEM\v242\Win64\ansysedt.exe
Non Graphical Mode: No Project??
Starting Batch Run: 6:01:54 PM  Jan 25, 2026
Running as user : AD\cli893
Temp directory: C:\Temp
Project directory: C:\Users\cli893\Downloads
The project 'Project5' has been edited and/or solved. Do you want to save the changes?
-- Message Window --
      *Global - Messages
        [info] GRPC server running on port: 50051. 
        [info] The project 'Project5' has been edited and/or solved. Do you want to save the changes?
-- Message Window --
Stopping Batch Run: 6:05:35 PM  Jan 25, 2026
 
Ansys Electronics Desktop Version 2024.2.0, Build: 2024-05-23 02:23:50
Location: C:\Program Files\AnsysEM\v242\Win64\ansysedt.exe
Non Graphical Mode: No Project??
Starting Batch Run: 6:05:43 PM  Jan 25, 2026
Running as user : AD\cli893
Temp directory: C:\Temp
Project directory: C:\Users\cli893\Downloads
The project 'Project5' has been edited and/or solved. Do you want to save the changes?
-- Message Window --
      *Global - Messages
        [info] GRPC server running on port: 50051. 
        [info] The project 'Project5' has been edited and/or solved. Do you want to save the changes?
      Project5 (C:/Users/cli893/Downloads/)
        HFSS_9UT (Terminal Network)
          [error] Simulation: Project5 : HFSS_9UT cannot be analyzed as it has no setups that may be simulated. (06:06:07 PM  Jan 25, 2026)
-- Message Window --
 
Ansys Electronics Desktop Version 2024.2.0, Build: 2024-05-23 02:23:50
Location: C:\Program Files\AnsysEM\v242\Win64\ansysedt.exe
Non Graphical Mode: No Project??
Starting Batch Run: 10:09:16 AM  Jan 26, 2026
Running as user : AD\cli893
A new installation of your Ansys product has been detected.  
The library directories have been reset to those of the newly installed libraries.  
To change this, go to Tools/Options/General Options.
Temp directory: C:\Temp
Project directory: C:\Users\cli893\OneDrive - Georgia Institute of Technology\Documents\Ansoft
The project 'Project23' has been edited and/or solved. Do you want to save the changes?
-- Message Window --
      *Global - Messages
        [info] A new installation of your Ansys product has been detected.   The library directories have been reset to those of the newly installed libraries.   To change this, go to Tools/Options/General Options.
        [info] GRPC server running on port: 50051. 
        [info] The project 'Project23' has been edited and/or solved. Do you want to save the changes?
-- Message Window --
Stopping Batch Run: 10:10:49 AM  Jan 26, 2026
 
Ansys Electronics Desktop Version 2024.2.0, Build: 2024-05-23 02:23:50
Location: C:\Program Files\AnsysEM\v242\Win64\ansysedt.exe
Non Graphical Mode: No Project??
Starting Batch Run: 10:10:58 AM  Jan 26, 2026
Running as user : AD\cli893
Temp directory: C:\Temp
Project directory: C:\Users\cli893\OneDrive - Georgia Institute of Technology\Documents\Ansoft
The project 'Project24' has been edited and/or solved. Do you want to save the changes?
-- Message Window --
      *Global - Messages
        [info] GRPC server running on port: 50051. 
        [info] The project 'Project24' has been edited and/or solved. Do you want to save the changes?
-- Message Window --
Stopping Batch Run: 10:13:25 AM  Jan 26, 2026
 
Ansys Electronics Desktop Version 2024.2.0, Build: 2024-05-23 02:23:50
Location: C:\Program Files\AnsysEM\v242\Win64\ansysedt.exe
Non Graphical Mode: No Project??
Starting Batch Run: 10:13:37 AM  Jan 26, 2026
Running as user : AD\cli893
Temp directory: C:\Temp
Project directory: C:\Users\cli893\OneDrive - Georgia Institute of Technology\Documents\Ansoft
-- Message Window --
      *Global - Messages
        [info] GRPC server running on port: 50051. 
      Project25 (C:/Users/cli893/OneDrive - Georgia Institute of Technology/Documents/Ansoft/)
        HFSS_CH9 (Terminal Network)
          [warning] The variable  'Phase' doesn't have an associated sweep and is excluded from the definition of trace. (10:14:01 AM  Jan 26, 2026)
          [error] Solving adaptive frequency ..., process hf3d error: Matrix solver exception: SOLVER_OUT_OF_MEMORY: please verify RAM Limit (%) setting. Please contact Ansys technical support. (10:25:31 AM  Jan 26, 2026)
          [warning] Solving adaptive frequency ..., process hf3d: Out of memory (10:25:31 AM  Jan 26, 2026)
          [warning] Solving adaptive frequency ..., process hf3d: Out of memory (10:25:31 AM  Jan 26, 2026)
          [error] Solving adaptive frequency ..., process hf3d error: Matrix solver exception: SOLVER_OUT_OF_MEMORY. Please contact Ansys technical support. (10:25:31 AM  Jan 26, 2026)
          [info] Lambda Refinement Estimates for body air might reach 165,026 tets from 117 tets. Predicting a growth of 1,410.48 %. (10:25:32 AM  Jan 26, 2026)
          [error] Simulation completed with execution error on server: Local Machine. (10:25:32 AM  Jan 26, 2026)
          [error] Script macro error: Simulation for Project25 : HFSS_CH9 has failed with execution error.  (10:25:32 AM  Jan 26, 2026)
          [error] Solving adaptive frequency ..., process hf3d error: Matrix solver exception: SOLVER_OUT_OF_MEMORY: please verify RAM Limit (%) setting. Please contact Ansys technical support. (10:27:11 AM  Jan 26, 2026)
          [warning] Solving adaptive frequency ..., process hf3d: Out of memory (10:27:11 AM  Jan 26, 2026)
          [warning] Solving adaptive frequency ..., process hf3d: Out of memory (10:27:11 AM  Jan 26, 2026)
          [error] Solving adaptive frequency ..., process hf3d error: Matrix solver exception: SOLVER_OUT_OF_MEMORY. Please contact Ansys technical support. (10:27:11 AM  Jan 26, 2026)
          [error] Simulation completed with execution error on server: Local Machine. (10:27:13 AM  Jan 26, 2026)
          [error] Solving frequencies ... (Nondomain solver), process hf3d exited with code 259. (10:33:17 AM  Jan 26, 2026)
          [info] An interpolating frequency sweep with 11 points has been started using HFSS - Solving Distributed. (10:33:39 AM  Jan 26, 2026)
          [warning] Interpolating frequency sweep did NOT converge. (10:33:39 AM  Jan 26, 2026)
          [error] Sweep Sweep1 failed (10:33:39 AM  Jan 26, 2026)
          [error] Simulation completed with execution error on server: Local Machine. (10:33:39 AM  Jan 26, 2026)
          [info] An interpolating frequency sweep with 21 points has been started using HFSS - Solving Distributed. (10:38:41 AM  Jan 26, 2026)
          [info] Interpolating frequency sweep complete. Converged. (10:38:41 AM  Jan 26, 2026)
          [info] Normal completion of simulation on server: Local Machine. (10:38:41 AM  Jan 26, 2026)
-- Message Window --
Stopping Batch Run: 10:40:22 AM  Jan 26, 2026
 
Ansys Electronics Desktop Version 2024.2.0, Build: 2024-05-23 02:23:50
Location: C:\Program Files\AnsysEM\v242\Win64\ansysedt.exe
Non Graphical Mode: No Project??
Starting Batch Run: 11:13:49 AM  Jan 26, 2026
Running as user : AD\cli893
Temp directory: C:\Temp
Project directory: C:\Users\cli893\OneDrive - Georgia Institute of Technology\Documents\Ansoft
[warning] Electronics Desktop cannot be closed right now because it is being used by another application, script or extension wizard.

[warning] Electronics Desktop cannot be closed right now because it is being used by another application, script or extension wizard.

The project 'Project26' has been edited and/or solved. Do you want to save the changes?
-- Message Window --
      *Global - Messages
        [info] GRPC server running on port: 50051. 
        [warning] Electronics Desktop cannot be closed right now because it is being used by another application, script or extension wizard. 
        [warning] Electronics Desktop cannot be closed right now because it is being used by another application, script or extension wizard.
        [warning] Electronics Desktop cannot be closed right now because it is being used by another application, script or extension wizard. 
        [warning] Electronics Desktop cannot be closed right now because it is being used by another application, script or extension wizard.
        [info] The project 'Project26' has been edited and/or solved. Do you want to save the changes?
      Project26 (C:/Users/cli893/OneDrive - Georgia Institute of Technology/Documents/Ansoft/)
        HFSS_KT5 (Terminal Network)
          [error] Report 'patch28v1' not found. (11:14:14 AM  Jan 26, 2026)
          [error] Script macro error: Abnormal script termination. (11:14:14 AM  Jan 26, 2026)
          [error] Simulation was aborted by user on server: Local Machine. (11:14:40 AM  Jan 26, 2026)
          [error] Script macro error: The simulation for Project26 : HFSS_KT5 has been stopped on user request (11:14:40 AM  Jan 26, 2026)
-- Message Window --
Stopping Batch Run: 11:14:42 AM  Jan 26, 2026
 
Ansys Electronics Desktop Version 2024.2.0, Build: 2024-05-23 02:23:50
Location: C:\Program Files\AnsysEM\v242\Win64\ansysedt.exe
Non Graphical Mode: No Project??
Starting Batch Run: 11:16:13 AM  Jan 26, 2026
Running as user : AD\cli893
Temp directory: C:\Temp
Project directory: C:\Users\cli893\OneDrive - Georgia Institute of Technology\Documents\Ansoft
The project 'Project27' has been edited and/or solved. Do you want to save the changes?
-- Message Window --
      *Global - Messages
        [info] GRPC server running on port: 50051. 
        [info] The project 'Project27' has been edited and/or solved. Do you want to save the changes?
      Project27 (C:/Users/cli893/OneDrive - Georgia Institute of Technology/Documents/Ansoft/)
        HFSS_DDA (Terminal Network)
          [error] Report 'patch28v1' not found. (11:16:35 AM  Jan 26, 2026)
          [error] Script macro error: Abnormal script termination. (11:16:35 AM  Jan 26, 2026)
          [info] An interpolating frequency sweep with 21 points has been started using HFSS - Solving Distributed. (11:19:12 AM  Jan 26, 2026)
          [info] Interpolating frequency sweep complete. Converged. (11:19:12 AM  Jan 26, 2026)
          [info] Normal completion of simulation on server: Local Machine. (11:19:12 AM  Jan 26, 2026)
-- Message Window --
 
Ansys Electronics Desktop Version 2024.2.0, Build: 2024-05-23 02:23:50
Location: C:\Program Files\AnsysEM\v242\Win64\ansysedt.exe
Non Graphical Mode: No Project??
Starting Batch Run: 5:59:23 PM  Jan 27, 2026
Running as user : AD\cli893
Temp directory: C:\Temp
Project directory: C:\Users\cli893\OneDrive - Georgia Institute of Technology\Documents\Ansoft
The project 'Project28' has been edited and/or solved. Do you want to save the changes?
-- Message Window --
      *Global - Messages
        [info] GRPC server running on port: 50051. 
        [info] The project 'Project28' has been edited and/or solved. Do you want to save the changes?
      Project28 (C:/Users/cli893/OneDrive - Georgia Institute of Technology/Documents/Ansoft/)
        HFSS_HDG (Terminal Network)
          [info] An interpolating frequency sweep with 21 points has been started using HFSS - Solving Distributed. (06:02:51 PM  Jan 27, 2026)
          [info] Interpolating frequency sweep complete. Converged. (06:02:51 PM  Jan 27, 2026)
          [info] Normal completion of simulation on server: Local Machine. (06:02:51 PM  Jan 27, 2026)
-- Message Window --
Stopping Batch Run: 6:05:17 PM  Jan 27, 2026
 
Ansys Electronics Desktop Version 2024.2.0, Build: 2024-05-23 02:23:50
Location: C:\Program Files\AnsysEM\v242\Win64\ansysedt.exe
Non Graphical Mode: No Project??
Starting Batch Run: 6:06:31 PM  Jan 27, 2026
Running as user : AD\cli893
Temp directory: C:\Temp
Project directory: C:\Users\cli893\OneDrive - Georgia Institute of Technology\Documents\Ansoft
[warning] The project selected and all its files will be deleted from the permanent storage medium.

WARNING: All work will be lost.

Click OK to proceed.
[warning] Some designs have been edited resulting in invalid solution data. This data will be deleted from the saved project.
Do you want to proceed?
[warning] The project selected and all its files will be deleted from the permanent storage medium.

WARNING: All work will be lost.

Click OK to proceed.
-- Message Window --
      *Global - Messages
        [info] GRPC server running on port: 50051. 
        [warning] The project selected and all its files will be deleted from the permanent storage medium.  WARNING: All work will be lost.  Click OK to proceed.
        [warning] Some designs have been edited resulting in invalid solution data. This data will be deleted from the saved project. Do you want to proceed?
        [warning] The project selected and all its files will be deleted from the permanent storage medium.  WARNING: All work will be lost.  Click OK to proceed.
      Project29 (C:/Users/cli893/OneDrive - Georgia Institute of Technology/Documents/Ansoft/)
        HFSS_XN3 (Terminal Network)
          [info] An interpolating frequency sweep with 21 points has been started using HFSS - Solving Distributed. (06:10:16 PM  Jan 27, 2026)
          [info] Interpolating frequency sweep complete. Converged. (06:10:17 PM  Jan 27, 2026)
          [info] Normal completion of simulation on server: Local Machine. (06:10:17 PM  Jan 27, 2026)
          [warning] Part Attributes: Name substrate is already used, use name substrate_1. (06:21:06 PM  Jan 27, 2026)
          [warning] HFSS_XN3: Solutions have been invalidated. Undo to recover. (06:21:06 PM  Jan 27, 2026)
          [warning] Part Attributes: Name air is already used, use name air_1. (06:21:06 PM  Jan 27, 2026)
          [warning] Part Attributes: Name patch is already used, use name patch_1. (06:21:06 PM  Jan 27, 2026)
          [warning] Part Attributes: Name cutout is already used, use name cutout_2. (06:21:06 PM  Jan 27, 2026)
          [warning] Part Attributes: Name feedline is already used, use name feedline_1. (06:21:07 PM  Jan 27, 2026)
          [warning] Part Attributes: Name ground is already used, use name ground_1. (06:21:08 PM  Jan 27, 2026)
          [warning] Part Attributes: Name feed is already used, use name feed_1. (06:21:08 PM  Jan 27, 2026)
          [error] GetObjectIDByName: Part with name cutout is not found! (06:21:08 PM  Jan 27, 2026)
          [error] Script macro error: GetObjectIDByName: Part with name cutout is not found! (06:21:08 PM  Jan 27, 2026)
-- Message Window --
Stopping Batch Run: 6:21:54 PM  Jan 27, 2026
 
Ansys Electronics Desktop Version 2024.2.0, Build: 2024-05-23 02:23:50
Location: C:\Program Files\AnsysEM\v242\Win64\ansysedt.exe
Non Graphical Mode: No Project??
Starting Batch Run: 6:22:05 PM  Jan 27, 2026
Running as user : AD\cli893
Temp directory: C:\Temp
Project directory: C:\Users\cli893\OneDrive - Georgia Institute of Technology\Documents\Ansoft
The project 'Project30' has been edited and/or solved. Do you want to save the changes?
-- Message Window --
      *Global - Messages
        [info] GRPC server running on port: 50051. 
        [info] The project 'Project30' has been edited and/or solved. Do you want to save the changes?
      Project30 (C:/Users/cli893/OneDrive - Georgia Institute of Technology/Documents/Ansoft/)
        HFSS_M1W (Terminal Network)
          [info] An interpolating frequency sweep with 21 points has been started using HFSS - Solving Distributed. (06:26:20 PM  Jan 27, 2026)
          [info] Interpolating frequency sweep complete. Converged. (06:26:20 PM  Jan 27, 2026)
          [info] Normal completion of simulation on server: Local Machine. (06:26:21 PM  Jan 27, 2026)
-- Message Window --
Stopping Batch Run: 6:34:53 PM  Jan 27, 2026
 
Ansys Electronics Desktop Version 2024.2.0, Build: 2024-05-23 02:23:50
Location: C:\Program Files\AnsysEM\v242\Win64\ansysedt.exe
Non Graphical Mode: No Project??
Starting Batch Run: 6:35:34 PM  Jan 27, 2026
Running as user : AD\cli893
Temp directory: C:\Temp
Project directory: C:\Users\cli893\OneDrive - Georgia Institute of Technology\Documents\Ansoft
The project 'Project31' has been edited and/or solved. Do you want to save the changes?
-- Message Window --
      *Global - Messages
        [info] GRPC server running on port: 50051. 
        [error]   File "C:/Users/cli893/OneDrive - Georgia Institute of Technology/Documents/Ansoft/PersonalLib/Toolkits/Project/Run PyAEDT Script/run_pyaedt_script.py", line ?            ^  SyntaxError: The cloud file provider exited unexpectedly.     ---- While executing script: C:/Users/cli893/OneDrive - Georgia Institute of Technology/Documents/Ansoft/PersonalLib/Toolkits/Project/Run PyAEDT Script/run_pyaedt_script.py
        [info] The project 'Project31' has been edited and/or solved. Do you want to save the changes?
      Project31 (C:/Users/cli893/OneDrive - Georgia Institute of Technology/Documents/Ansoft/)
        HFSS_7FO (Terminal Network)
          [info] An interpolating frequency sweep with 21 points has been started using HFSS - Solving Distributed. (06:39:45 PM  Jan 27, 2026)
          [info] Interpolating frequency sweep complete. Converged. (06:39:45 PM  Jan 27, 2026)
          [info] Normal completion of simulation on server: Local Machine. (06:39:45 PM  Jan 27, 2026)
          [info] An interpolating frequency sweep with 21 points has been started using HFSS - Solving Distributed. (06:49:26 PM  Jan 27, 2026)
          [error] Error updating solution state for solution: Sweep1. (06:49:26 PM  Jan 27, 2026)
          [info] Interpolating frequency sweep complete. Converged. (06:49:26 PM  Jan 27, 2026)
          [info] Normal completion of simulation on server: Local Machine. (06:49:26 PM  Jan 27, 2026)
          [warning] The variable  'Phase' doesn't have an associated sweep and is excluded from the definition of trace. (06:52:27 PM  Jan 27, 2026)
          [warning] The variable  'Phase' doesn't have an associated sweep and is excluded from the definition of trace. (06:53:57 PM  Jan 27, 2026)
          [warning] The variable  'Phase' doesn't have an associated sweep and is excluded from the definition of trace. (07:06:59 PM  Jan 27, 2026)
          [warning] The variable  'Phase' doesn't have an associated sweep and is excluded from the definition of trace. (07:07:40 PM  Jan 27, 2026)
          [warning] The variable  'Phase' doesn't have an associated sweep and is excluded from the definition of trace. (07:07:41 PM  Jan 27, 2026)
          [warning] The variable  'Phase' doesn't have an associated sweep and is excluded from the definition of trace. (07:14:50 PM  Jan 27, 2026)
          [warning] The variable  'Phase' doesn't have an associated sweep and is excluded from the definition of trace. (07:14:51 PM  Jan 27, 2026)
          [warning] The variable  'Phase' doesn't have an associated sweep and is excluded from the definition of trace. (07:19:34 PM  Jan 27, 2026)
          [warning] The variable  'Phase' doesn't have an associated sweep and is excluded from the definition of trace. (07:19:35 PM  Jan 27, 2026)
          [error] Report 's11' not found. (07:19:35 PM  Jan 27, 2026)
          [error] Script macro error: Abnormal script termination. (07:19:35 PM  Jan 27, 2026)
          [warning] The variable  'Phase' doesn't have an associated sweep and is excluded from the definition of trace. (07:20:30 PM  Jan 27, 2026)
          [warning] The variable  'Phase' doesn't have an associated sweep and is excluded from the definition of trace. (07:20:32 PM  Jan 27, 2026)
          [warning] The variable  'Phase' doesn't have an associated sweep and is excluded from the definition of trace. (07:22:33 PM  Jan 27, 2026)
          [warning] The variable  'Phase' doesn't have an associated sweep and is excluded from the definition of trace. (07:22:38 PM  Jan 27, 2026)
-- Message Window --
 
Ansys Electronics Desktop Version 2024.2.0, Build: 2024-05-23 02:23:50
Location: C:\Program Files\AnsysEM\v242\Win64\ansysedt.exe
Non Graphical Mode: No Project??
Starting Batch Run: 11:47:43 AM  Jan 29, 2026
Running as user : AD\cli893
A new installation of your Ansys product has been detected.  
The library directories have been reset to those of the newly installed libraries.  
To change this, go to Tools/Options/General Options.
Temp directory: C:\Temp
Project directory: C:\Users\cli893\OneDrive - Georgia Institute of Technology\Documents\Ansoft
[warning] The file HFSS_P8I.asol_priv is in use - do you want to wait?
[warning] The file HFSS_P8I.asol_priv is in use - do you want to wait?
[warning] The file HFSS_P8I.asol_priv is in use - do you want to wait?
[warning] The file HFSS_P8I.asol_priv is in use - do you want to wait?
[warning] The file HFSS_P8I.asol_priv is in use - do you want to wait?
[warning] The file HFSS_P8I.asol_priv is in use - do you want to wait?
[warning] The file HFSS_P8I.asol_priv is in use - do you want to wait?
[warning] The file HFSS_P8I.asol_priv is in use - do you want to wait?
[warning] The file HFSS_P8I.asol_priv is in use - do you want to wait?
[warning] The file HFSS_P8I.asol_priv is in use - do you want to wait?
[warning] The file HFSS_P8I.asol_priv is in use - do you want to wait?
[warning] The file HFSS_P8I.asol_priv is in use - do you want to wait?
[warning] The file HFSS_P8I.asol_priv is in use - do you want to wait?
[warning] The file HFSS_P8I.asol_priv is in use - do you want to wait?
-- Message Window --
      *Global - Messages
        [info] A new installation of your Ansys product has been detected.   The library directories have been reset to those of the newly installed libraries.   To change this, go to Tools/Options/General Options.
        [info] GRPC server running on port: 50051. 
        [warning] The file HFSS_P8I.asol_priv is in use - do you want to wait?
        [warning] The file HFSS_P8I.asol_priv is in use - do you want to wait?
        [warning] The file HFSS_P8I.asol_priv is in use - do you want to wait?
        [warning] The file HFSS_P8I.asol_priv is in use - do you want to wait?
        [warning] The file HFSS_P8I.asol_priv is in use - do you want to wait?
        [warning] The file HFSS_P8I.asol_priv is in use - do you want to wait?
        [warning] The file HFSS_P8I.asol_priv is in use - do you want to wait?
        [warning] The file HFSS_P8I.asol_priv is in use - do you want to wait?
        [warning] The file HFSS_P8I.asol_priv is in use - do you want to wait?
        [warning] The file HFSS_P8I.asol_priv is in use - do you want to wait?
        [warning] The file HFSS_P8I.asol_priv is in use - do you want to wait?
        [warning] The file HFSS_P8I.asol_priv is in use - do you want to wait?
        [warning] The file HFSS_P8I.asol_priv is in use - do you want to wait?
        [warning] The file HFSS_P8I.asol_priv is in use - do you want to wait?
      Project32 (C:/Users/cli893/OneDrive - Georgia Institute of Technology/Documents/Ansoft/)
        HFSS_P8I (Terminal Network)
          [info] Accurate transparency rendering is disabled to avoid slow rendering performance. (11:48:18 AM  Jan 29, 2026)
          [info] An interpolating frequency sweep with 21 points has been started using HFSS - Solving Distributed. (11:53:22 AM  Jan 29, 2026)
          [info] Interpolating frequency sweep complete. Converged. (11:53:22 AM  Jan 29, 2026)
          [info] Normal completion of simulation on server: Local Machine. (11:53:22 AM  Jan 29, 2026)
          [error] Report 'patch28' not found. (11:56:27 AM  Jan 29, 2026)
          [error] Script macro error: Abnormal script termination. (11:56:27 AM  Jan 29, 2026)
          [warning] The variable  'Phase' doesn't have an associated sweep and is excluded from the definition of trace. (11:58:16 AM  Jan 29, 2026)
          [error] Report 'patch' not found. (11:58:17 AM  Jan 29, 2026)
          [error] Script macro error: Abnormal script termination. (11:58:17 AM  Jan 29, 2026)
          [warning] The variable  'Phase' doesn't have an associated sweep and is excluded from the definition of trace. (11:59:25 AM  Jan 29, 2026)
          [warning] Report Name 'patch' is already in use or invalid. Creating report with name 'patch1'. (11:59:36 AM  Jan 29, 2026)
          [warning] The variable  'Phase' doesn't have an associated sweep and is excluded from the definition of trace. (11:59:36 AM  Jan 29, 2026)
          [warning] Report Name 'patch' is already in use or invalid. Creating report with name 'patch2'. (12:01:54 PM  Jan 29, 2026)
          [warning] The variable  'Phase' doesn't have an associated sweep and is excluded from the definition of trace. (12:01:54 PM  Jan 29, 2026)
          [info] Touchstone export: Writing to "C:/Users/cli893/OneDrive - Georgia Institute of Technology/Documents/Ansoft/Project32.pyaedt/HFSS_P8I/MySetup_LastAdaptive-Infinite Sphere1/HFSS_P8I/LastAdaptive_DV28.s1p" (12:14:00 PM  Jan 29, 2026)
          [warning] The trace 'db(S11)' refers to a solution that has been either deleted or is no longer applicable for trace's report type. The trace has been deleted as a result.  (02:28:09 PM  Jan 29, 2026)
          [warning] The report 'Plot_65F5OQ' was deleted because its traces were invalidated due to the edit. (02:28:09 PM  Jan 29, 2026)
          [warning] The trace 'db(S11)' refers to a solution that has been either deleted or is no longer applicable for trace's report type. The trace has been deleted as a result.  (02:28:09 PM  Jan 29, 2026)
          [warning] The report 'patch' was deleted because its traces were invalidated due to the edit. (02:28:09 PM  Jan 29, 2026)
          [warning] The trace 'db(S11)' refers to a solution that has been either deleted or is no longer applicable for trace's report type. The trace has been deleted as a result.  (02:28:09 PM  Jan 29, 2026)
          [warning] The report 'patch1' was deleted because its traces were invalidated due to the edit. (02:28:09 PM  Jan 29, 2026)
          [warning] The trace 'db(S11)' refers to a solution that has been either deleted or is no longer applicable for trace's report type. The trace has been deleted as a result.  (02:28:09 PM  Jan 29, 2026)
          [warning] The report 'patch2' was deleted because its traces were invalidated due to the edit. (02:28:09 PM  Jan 29, 2026)
          [warning] The trace 'dB(GainPhi)' refers to a solution that has been either deleted or is no longer applicable for trace's report type. The trace has been deleted as a result.  (02:28:10 PM  Jan 29, 2026)
          [warning] The report 'Gain Plot 1' was deleted because its traces were invalidated due to the edit. (02:28:10 PM  Jan 29, 2026)
          [warning] The trace 'dB(GainTheta)' refers to a solution that has been either deleted or is no longer applicable for trace's report type. The trace has been deleted as a result.  (02:28:10 PM  Jan 29, 2026)
          [warning] The report 'Gain Plot 2' was deleted because its traces were invalidated due to the edit. (02:28:10 PM  Jan 29, 2026)
          [warning] HFSS_P8I: Solutions have been invalidated. Undo to recover. (02:28:10 PM  Jan 29, 2026)
          [error] Script macro error: Duplicate setup name: 'Infinite Sphere1' (02:29:21 PM  Jan 29, 2026)
          [error] Error updating solution state for solution: LastAdaptive. (02:29:39 PM  Jan 29, 2026)
          [error] Simulation completed with execution error on server: Local Machine. (02:29:40 PM  Jan 29, 2026)
          [error] Script macro error: Simulation for Project32 : HFSS_P8I has failed with execution error.  (02:29:41 PM  Jan 29, 2026)
          [error] Script macro error: No trace data for quantity: mag(rETheta) (02:30:05 PM  Jan 29, 2026)
          [warning] The variable  'Distance' doesn't have an associated sweep and is excluded from the definition of trace. (02:30:10 PM  Jan 29, 2026)
          [warning] The variable  'Phase' doesn't have an associated sweep and is excluded from the definition of trace. (02:30:10 PM  Jan 29, 2026)
          [error] Simulation completed with execution error on server: Local Machine. (02:34:07 PM  Jan 29, 2026)
          [error] Error updating solution state for solution: LastAdaptive. (02:34:19 PM  Jan 29, 2026)
          [error] Simulation completed with execution error on server: Local Machine. (02:34:19 PM  Jan 29, 2026)
          [error] Script macro error: Simulation for Project32 : HFSS_P8I has failed with execution error.  (02:34:19 PM  Jan 29, 2026)
          [warning] Report Name 'patch28' is already in use or invalid. Creating report with name 'patch29'. (02:34:22 PM  Jan 29, 2026)
          [warning] The variable  'Phase' doesn't have an associated sweep and is excluded from the definition of trace. (02:34:22 PM  Jan 29, 2026)
          [warning] Report patch28 has no data for export. (02:34:23 PM  Jan 29, 2026)
          [warning] The trace 'db(GainPhi)' refers to a solution that has been either deleted or is no longer applicable for trace's report type. The trace has been deleted as a result.  (02:36:49 PM  Jan 29, 2026)
          [warning] The report 'patch29' was deleted because its traces were invalidated due to the edit. (02:36:49 PM  Jan 29, 2026)
          [warning] HFSS_P8I: Solutions have been invalidated. Undo to recover. (02:36:49 PM  Jan 29, 2026)
          [error] Error updating solution state for solution: LastAdaptive. (02:37:25 PM  Jan 29, 2026)
          [error] Simulation completed with execution error on server: Local Machine. (02:37:25 PM  Jan 29, 2026)
          [error] Script macro error: Simulation for Project32 : HFSS_P8I has failed with execution error.  (02:37:25 PM  Jan 29, 2026)
          [warning] The variable  'Phase' doesn't have an associated sweep and is excluded from the definition of trace. (02:37:27 PM  Jan 29, 2026)
          [warning] Report patch28 has no data for export. (02:37:28 PM  Jan 29, 2026)
          [warning] The trace 'db(GainPhi)' refers to a solution that has been either deleted or is no longer applicable for trace's report type. The trace has been deleted as a result.  (02:39:03 PM  Jan 29, 2026)
          [warning] The report 'patch28' was deleted because its traces were invalidated due to the edit. (02:39:04 PM  Jan 29, 2026)
          [warning] The trace 'dB(GainPhi)' refers to a solution that has been either deleted or is no longer applicable for trace's report type. The trace has been deleted as a result.  (02:39:04 PM  Jan 29, 2026)
          [warning] The report 'Gain Plot 1' was deleted because its traces were invalidated due to the edit. (02:39:04 PM  Jan 29, 2026)
          [warning] The trace 'dB(St(port1_T1,port1_T1))' refers to a solution that has been either deleted or is no longer applicable for trace's report type. The trace has been deleted as a result.  (02:39:04 PM  Jan 29, 2026)
          [warning] The report 'Terminal S Parameter Plot 1' was deleted because its traces were invalidated due to the edit. (02:39:04 PM  Jan 29, 2026)
          [warning] HFSS_P8I: Solutions have been invalidated. Undo to recover. (02:39:04 PM  Jan 29, 2026)
          [error] Solution Setup: No solution setups have been created. (02:39:11 PM  Jan 29, 2026)
          [error] Error updating solution state for solution: LastAdaptive. (02:39:39 PM  Jan 29, 2026)
          [error] Simulation completed with execution error on server: Local Machine. (02:39:39 PM  Jan 29, 2026)
          [error] Script macro error: Simulation for Project32 : HFSS_P8I has failed with execution error.  (02:39:39 PM  Jan 29, 2026)
          [warning] The variable  'Phase' doesn't have an associated sweep and is excluded from the definition of trace. (02:39:41 PM  Jan 29, 2026)
          [warning] Report patch28 has no data for export. (02:39:42 PM  Jan 29, 2026)
          [error] Simulation completed with execution error on server: Local Machine. (02:47:15 PM  Jan 29, 2026)
        [warning] Failed to obtain access to 'HFSS_P8I.asol_priv' because another application did not release its lock. It may be necessary to delete the file 'C:/Users/cli893/OneDrive - Georgia Institute of Technology/Documents/Ansoft/Project32.aedtresults/.HFSS_P8I.asol_priv.semaphore' or terminate the offending application. (02:33:42 PM  Jan 29, 2026)
        [warning] Failed to obtain access to 'HFSS_P8I.asol_priv' because another application did not release its lock. It may be necessary to delete the file 'C:/Users/cli893/OneDrive - Georgia Institute of Technology/Documents/Ansoft/Project32.aedtresults/.HFSS_P8I.asol_priv.semaphore' or terminate the offending application. (02:33:42 PM  Jan 29, 2026)
        [warning] Failed to obtain access to 'HFSS_P8I.asol_priv' because another application did not release its lock. It may be necessary to delete the file 'C:/Users/cli893/OneDrive - Georgia Institute of Technology/Documents/Ansoft/Project32.aedtresults/.HFSS_P8I.asol_priv.semaphore' or terminate the offending application. (02:33:47 PM  Jan 29, 2026)
        [warning] Failed to obtain access to 'HFSS_P8I.asol_priv' because another application did not release its lock. It may be necessary to delete the file 'C:/Users/cli893/OneDrive - Georgia Institute of Technology/Documents/Ansoft/Project32.aedtresults/.HFSS_P8I.asol_priv.semaphore' or terminate the offending application. (02:33:47 PM  Jan 29, 2026)
        [warning] Failed to obtain access to 'HFSS_P8I.asol_priv' because another application did not release its lock. It may be necessary to delete the file 'C:/Users/cli893/OneDrive - Georgia Institute of Technology/Documents/Ansoft/Project32.aedtresults/.HFSS_P8I.asol_priv.semaphore' or terminate the offending application. (02:34:03 PM  Jan 29, 2026)
        [warning] Failed to obtain access to 'HFSS_P8I.asol_priv' because another application did not release its lock. It may be necessary to delete the file 'C:/Users/cli893/OneDrive - Georgia Institute of Technology/Documents/Ansoft/Project32.aedtresults/.HFSS_P8I.asol_priv.semaphore' or terminate the offending application. (02:34:03 PM  Jan 29, 2026)
        [warning] Failed to obtain access to 'HFSS_P8I.asol_priv' because another application did not release its lock. It may be necessary to delete the file 'C:/Users/cli893/OneDrive - Georgia Institute of Technology/Documents/Ansoft/Project32.aedtresults/.HFSS_P8I.asol_priv.semaphore' or terminate the offending application. (02:37:10 PM  Jan 29, 2026)
        [warning] Failed to obtain access to 'HFSS_P8I.asol_priv' because another application did not release its lock. It may be necessary to delete the file 'C:/Users/cli893/OneDrive - Georgia Institute of Technology/Documents/Ansoft/Project32.aedtresults/.HFSS_P8I.asol_priv.semaphore' or terminate the offending application. (02:37:10 PM  Jan 29, 2026)
        [warning] Failed to obtain access to 'HFSS_P8I.asol_priv' because another application did not release its lock. It may be necessary to delete the file 'C:/Users/cli893/OneDrive - Georgia Institute of Technology/Documents/Ansoft/Project32.aedtresults/.HFSS_P8I.asol_priv.semaphore' or terminate the offending application. (02:39:27 PM  Jan 29, 2026)
        [warning] Failed to obtain access to 'HFSS_P8I.asol_priv' because another application did not release its lock. It may be necessary to delete the file 'C:/Users/cli893/OneDrive - Georgia Institute of Technology/Documents/Ansoft/Project32.aedtresults/.HFSS_P8I.asol_priv.semaphore' or terminate the offending application. (02:39:27 PM  Jan 29, 2026)
        [warning] Failed to obtain access to 'HFSS_P8I.asol_priv' because another application did not release its lock. It may be necessary to delete the file 'C:/Users/cli893/OneDrive - Georgia Institute of Technology/Documents/Ansoft/Project32.aedtresults/.HFSS_P8I.asol_priv.semaphore' or terminate the offending application. (02:47:10 PM  Jan 29, 2026)
        [warning] Failed to obtain access to 'HFSS_P8I.asol_priv' because another application did not release its lock. It may be necessary to delete the file 'C:/Users/cli893/OneDrive - Georgia Institute of Technology/Documents/Ansoft/Project32.aedtresults/.HFSS_P8I.asol_priv.semaphore' or terminate the offending application. (02:47:10 PM  Jan 29, 2026)
        [warning] Failed to obtain access to 'HFSS_P8I.asol_priv' because another application did not release its lock. It may be necessary to delete the file 'C:/Users/cli893/OneDrive - Georgia Institute of Technology/Documents/Ansoft/Project32.aedtresults/.HFSS_P8I.asol_priv.semaphore' or terminate the offending application. (02:47:24 PM  Jan 29, 2026)
        [warning] Failed to obtain access to 'HFSS_P8I.asol_priv' because another application did not release its lock. It may be necessary to delete the file 'C:/Users/cli893/OneDrive - Georgia Institute of Technology/Documents/Ansoft/Project32.aedtresults/.HFSS_P8I.asol_priv.semaphore' or terminate the offending application. (02:47:24 PM  Jan 29, 2026)
-- Message Window --
Stopping Batch Run: 2:47:33 PM  Jan 29, 2026
 
Ansys Electronics Desktop Version 2024.2.0, Build: 2024-05-23 02:23:50
Location: C:\Program Files\AnsysEM\v242\Win64\ansysedt.exe
Non Graphical Mode: No Project??
Starting Batch Run: 2:49:41 PM  Jan 29, 2026
Running as user : AD\cli893
Temp directory: C:\Temp
Project directory: C:\Users\cli893\OneDrive - Georgia Institute of Technology\Documents\Ansoft
The project 'Project33' has been edited and/or solved. Do you want to save the changes?
-- Message Window --
      *Global - Messages
        [info] GRPC server running on port: 50051. 
        [info] The project 'Project33' has been edited and/or solved. Do you want to save the changes?
      Project33 (C:/Users/cli893/OneDrive - Georgia Institute of Technology/Documents/Ansoft/)
        HFSS_Y6E (Terminal Network)
          [info] A discrete frequency sweep with 21 point(s) has been started using HFSS - Solving Distributed. (02:57:50 PM  Jan 29, 2026)
          [info] Discrete frequency sweep complete. (02:57:50 PM  Jan 29, 2026)
          [info] Normal completion of simulation on server: Local Machine. (02:57:50 PM  Jan 29, 2026)
          [warning] The variable  'Phi' doesn't have an associated sweep and is excluded from the definition of trace. (02:57:53 PM  Jan 29, 2026)
          [warning] The variable  'Theta' doesn't have an associated sweep and is excluded from the definition of trace. (02:57:53 PM  Jan 29, 2026)
          [warning] The variable  'Phase' doesn't have an associated sweep and is excluded from the definition of trace. (02:57:53 PM  Jan 29, 2026)
          [warning] Report patch28 has no data for export. (02:57:54 PM  Jan 29, 2026)
          [warning] Trace definition for 'db(GainPhi)' was invalid. It has been deleted as a result. (03:00:41 PM  Jan 29, 2026)
          [warning] The report 'patch28' was deleted because its traces were invalidated due to the edit. (03:00:41 PM  Jan 29, 2026)
          [warning] The variable  'Phi' doesn't have an associated sweep and is excluded from the definition of trace. (03:01:34 PM  Jan 29, 2026)
          [warning] The variable  'Theta' doesn't have an associated sweep and is excluded from the definition of trace. (03:01:34 PM  Jan 29, 2026)
          [warning] The variable  'Phase' doesn't have an associated sweep and is excluded from the definition of trace. (03:01:34 PM  Jan 29, 2026)
          [warning] Report patch28 has no data for export. (03:01:35 PM  Jan 29, 2026)
          [warning] Report Name 'patch28' is already in use or invalid. Creating report with name 'patch29'. (03:05:58 PM  Jan 29, 2026)
          [warning] The variable  'Phase' doesn't have an associated sweep and is excluded from the definition of trace. (03:05:58 PM  Jan 29, 2026)
          [warning] Report patch28 has no data for export. (03:06:01 PM  Jan 29, 2026)
          [warning] The variable  'Phase' doesn't have an associated sweep and is excluded from the definition of trace. (03:07:23 PM  Jan 29, 2026)
-- Message Window --
 
Ansys Electronics Desktop Version 2024.2.0, Build: 2024-05-23 02:23:50
Location: C:\Program Files\AnsysEM\v242\Win64\ansysedt.exe
Non Graphical Mode: No Project??
Starting Batch Run: 10:12:34 PM  Feb 02, 2026
Running as user : AD\cli893
A new installation of your Ansys product has been detected.  
The library directories have been reset to those of the newly installed libraries.  
To change this, go to Tools/Options/General Options.
Temp directory: C:\Temp
Project directory: C:\Users\cli893\OneDrive - Georgia Institute of Technology\Documents\Ansoft
No variable is included.
Please include some Design or Project Variables for this Optimetrics Setup.
The project 'Project34' has been edited and/or solved. Do you want to save the changes?
-- Message Window --
      *Global - Messages
        [info] A new installation of your Ansys product has been detected.   The library directories have been reset to those of the newly installed libraries.   To change this, go to Tools/Options/General Options.
        [info] GRPC server running on port: 50051. 
        [info] No variable is included. Please include some Design or Project Variables for this Optimetrics Setup.
        [info] The project 'Project34' has been edited and/or solved. Do you want to save the changes?
      Project34 (C:/Users/cli893/OneDrive - Georgia Institute of Technology/Documents/Ansoft/)
        HFSS_P8E (Terminal Network)
          [info] An interpolating frequency sweep with 11 points has been started using HFSS - Solving Distributed. (10:17:23 PM  Feb 02, 2026)
          [info] Interpolating frequency sweep complete. Converged. (10:17:23 PM  Feb 02, 2026)
          [info] Normal completion of simulation on server: Local Machine. (10:17:23 PM  Feb 02, 2026)
          [error] There is no variable included in Optimization_L30B15 for Optimization analysis. (10:17:23 PM  Feb 02, 2026)
          [error] Optimization Analysis failed. (10:17:23 PM  Feb 02, 2026)
          [error] Script macro error: Simulation for Project34 : HFSS_P8E has failed with execution error.  (10:17:23 PM  Feb 02, 2026)
          [warning] The variable  'Phase' doesn't have an associated sweep and is excluded from the definition of trace. (10:17:25 PM  Feb 02, 2026)
          [info] An interpolating frequency sweep with 11 points has been started using HFSS - Solving Distributed. (10:26:28 PM  Feb 02, 2026)
          [info] Interpolating frequency sweep complete. Converged. (10:26:28 PM  Feb 02, 2026)
          [info] Normal completion of simulation on server: Local Machine. (10:26:28 PM  Feb 02, 2026)
          [error] There is no variable included in Optimization_K64NV8 for Optimization analysis. (10:26:28 PM  Feb 02, 2026)
          [error] Optimization Analysis failed. (10:26:28 PM  Feb 02, 2026)
          [error] Script macro error: Simulation for Project34 : HFSS_P8E has failed with execution error.  (10:26:29 PM  Feb 02, 2026)
          [warning] Report Name 'patch28s11' is already in use or invalid. Creating report with name 'patch28s12'. (10:26:31 PM  Feb 02, 2026)
          [warning] The variable  'Phase' doesn't have an associated sweep and is excluded from the definition of trace. (10:26:31 PM  Feb 02, 2026)
          [info] An interpolating frequency sweep with 11 points has been started using HFSS - Solving Distributed. (10:27:41 PM  Feb 02, 2026)
          [info] Interpolating frequency sweep complete. Converged. (10:27:41 PM  Feb 02, 2026)
          [info] Normal completion of simulation on server: Local Machine. (10:27:41 PM  Feb 02, 2026)
          [error] There is no variable included in Optimization_K64NV8 for Optimization analysis. (10:27:41 PM  Feb 02, 2026)
          [error] Optimization Analysis failed. (10:27:41 PM  Feb 02, 2026)
          [error] There is no variable included in Optimization_BND0QQ for Optimization analysis. (10:27:41 PM  Feb 02, 2026)
          [error] Optimization Analysis failed. (10:27:41 PM  Feb 02, 2026)
          [error] Script macro error: Simulation for Project34 : HFSS_P8E has failed with execution error.  (10:27:41 PM  Feb 02, 2026)
          [warning] Report Name 'patch28s11' is already in use or invalid. Creating report with name 'patch28s13'. (10:27:45 PM  Feb 02, 2026)
          [warning] The variable  'Phase' doesn't have an associated sweep and is excluded from the definition of trace. (10:27:45 PM  Feb 02, 2026)
          [info] An interpolating frequency sweep with 11 points has been started using HFSS - Solving Distributed. (10:28:59 PM  Feb 02, 2026)
          [info] Interpolating frequency sweep complete. Converged. (10:28:59 PM  Feb 02, 2026)
          [info] Normal completion of simulation on server: Local Machine. (10:28:59 PM  Feb 02, 2026)
          [info] Optimization Analysis on Optimization_K64NV8 has been started. (10:29:00 PM  Feb 02, 2026)
          [info] A variation (d='0.31872271mm' dw='0.8478529mm' w='3.13476mm' w_inset='0.34483659mm') has been requested using the following machines: Local Machine. (10:29:01 PM  Feb 02, 2026)
          [info] An interpolating frequency sweep with 11 points has been started using HFSS - Solving Distributed. (10:29:04 PM  Feb 02, 2026)
          [info] Interpolating frequency sweep complete. Converged. (10:29:04 PM  Feb 02, 2026)
          [info] A variation (d='0.32499514mm' dw='0.8478529mm' w='3.13476mm' w_inset='0.34483659mm') has been requested using the following machines: Local Machine. (10:29:04 PM  Feb 02, 2026)
          [info] An interpolating frequency sweep with 11 points has been started using HFSS - Solving Distributed. (10:33:22 PM  Feb 02, 2026)
          [info] Interpolating frequency sweep complete. Converged. (10:33:22 PM  Feb 02, 2026)
          [info] A variation (d='0.31872271mm' dw='0.86453855mm' w='3.13476mm' w_inset='0.34483659mm') has been requested using the following machines: Local Machine. (10:33:24 PM  Feb 02, 2026)
          [info] An interpolating frequency sweep with 11 points has been started using HFSS - Solving Distributed. (10:37:49 PM  Feb 02, 2026)
          [info] Interpolating frequency sweep complete. Converged. (10:37:49 PM  Feb 02, 2026)
          [info] A variation (d='0.31872271mm' dw='0.8478529mm' w='3.1964517mm' w_inset='0.34483659mm') has been requested using the following machines: Local Machine. (10:37:50 PM  Feb 02, 2026)
          [info] An interpolating frequency sweep with 11 points has been started using HFSS - Solving Distributed. (10:42:39 PM  Feb 02, 2026)
          [info] Interpolating frequency sweep complete. Converged. (10:42:39 PM  Feb 02, 2026)
          [info] A variation (d='0.31872271mm' dw='0.8478529mm' w='3.13476mm' w_inset='0.35162294mm') has been requested using the following machines: Local Machine. (10:42:40 PM  Feb 02, 2026)
          [info] An interpolating frequency sweep with 11 points has been started using HFSS - Solving Distributed. (10:46:46 PM  Feb 02, 2026)
          [info] Interpolating frequency sweep complete. Converged. (10:46:47 PM  Feb 02, 2026)
          [info] A variation (d='0.33891882mm' dw='0.88704863mm' w='3.448236mm' w_inset='0.31035293mm') has been requested using the following machines: Local Machine. (10:46:48 PM  Feb 02, 2026)
          [info] An interpolating frequency sweep with 11 points has been started using HFSS - Solving Distributed. (10:49:35 PM  Feb 02, 2026)
          [info] Interpolating frequency sweep complete. Converged. (10:49:35 PM  Feb 02, 2026)
          [info] A variation (d='0.34457731mm' dw='0.88704863mm' w='3.448236mm' w_inset='0.31035293mm') has been requested using the following machines: Local Machine. (10:49:35 PM  Feb 02, 2026)
          [info] An interpolating frequency sweep with 11 points has been started using HFSS - Solving Distributed. (10:53:47 PM  Feb 02, 2026)
          [info] Interpolating frequency sweep complete. Converged. (10:53:47 PM  Feb 02, 2026)
          [info] A variation (d='0.33891882mm' dw='0.90210113mm' w='3.448236mm' w_inset='0.31035293mm') has been requested using the following machines: Local Machine. (10:53:48 PM  Feb 02, 2026)
          [info] An interpolating frequency sweep with 11 points has been started using HFSS - Solving Distributed. (10:56:29 PM  Feb 02, 2026)
          [info] Interpolating frequency sweep complete. Converged. (10:56:29 PM  Feb 02, 2026)
          [info] A variation (d='0.33891882mm' dw='0.88704863mm' w='3.5038895mm' w_inset='0.31035293mm') has been requested using the following machines: Local Machine. (10:56:31 PM  Feb 02, 2026)
          [info] An interpolating frequency sweep with 11 points has been started using HFSS - Solving Distributed. (10:59:58 PM  Feb 02, 2026)
          [info] Interpolating frequency sweep complete. Converged. (10:59:58 PM  Feb 02, 2026)
          [info] A variation (d='0.33891882mm' dw='0.88704863mm' w='3.448236mm' w_inset='0.31647505mm') has been requested using the following machines: Local Machine. (10:59:59 PM  Feb 02, 2026)
          [info] An interpolating frequency sweep with 11 points has been started using HFSS - Solving Distributed. (11:03:39 PM  Feb 02, 2026)
          [info] Interpolating frequency sweep complete. Converged. (11:03:39 PM  Feb 02, 2026)
          [error] Optimization Analysis failed - User clean stopped. (11:03:39 PM  Feb 02, 2026)
          [info] Optimization Analysis on Optimization_BND0QQ has been started. (11:03:40 PM  Feb 02, 2026)
          [info] A variation (d='0.31872271mm' dw='0.8478529mm' w='3.13476mm' w_inset='0.34483659mm') has been requested using the following machines: Local Machine. (11:03:42 PM  Feb 02, 2026)
          [info] An interpolating frequency sweep with 11 points has been started using HFSS - Solving Distributed. (11:03:45 PM  Feb 02, 2026)
          [info] Interpolating frequency sweep complete. Converged. (11:03:45 PM  Feb 02, 2026)
          [info] A variation (d='0.32499514mm' dw='0.8478529mm' w='3.13476mm' w_inset='0.34483659mm') has been requested using the following machines: Local Machine. (11:03:46 PM  Feb 02, 2026)
          [error] Optimization Analysis failed - User aborted. (11:07:43 PM  Feb 02, 2026)
          [info] Optimization Analysis on Optimization_J6XVX6 has been started. (11:07:44 PM  Feb 02, 2026)
          [info] A variation (d='0.31872271mm' dw='0.8478529mm' w='3.13476mm' w_inset='0.34483659mm') has been requested using the following machines: Local Machine. (11:07:45 PM  Feb 02, 2026)
          [info] An interpolating frequency sweep with 11 points has been started using HFSS - Solving Distributed. (11:07:47 PM  Feb 02, 2026)
          [info] Interpolating frequency sweep complete. Converged. (11:07:47 PM  Feb 02, 2026)
          [info] A variation (d='0.32499514mm' dw='0.8478529mm' w='3.13476mm' w_inset='0.34483659mm') has been requested using the following machines: Local Machine. (11:07:48 PM  Feb 02, 2026)
          [error] Optimization Analysis failed - User aborted. (11:07:50 PM  Feb 02, 2026)
          [error] Script macro error: The simulation for Project34 : HFSS_P8E has been stopped on user request (11:07:51 PM  Feb 02, 2026)
          [warning] The variable  'Phase' doesn't have an associated sweep and is excluded from the definition of trace. (11:08:05 PM  Feb 02, 2026)
          [warning] The variable  'Phase' doesn't have an associated sweep and is excluded from the definition of trace. (11:11:13 PM  Feb 02, 2026)
          [warning] The variable  'Phase' doesn't have an associated sweep and is excluded from the definition of trace. (11:16:03 PM  Feb 02, 2026)
          [warning] The variable  'd_w' doesn't have an associated sweep and is excluded from the definition of trace. (11:17:12 PM  Feb 02, 2026)
          [warning] The variable  'Phase' doesn't have an associated sweep and is excluded from the definition of trace. (11:17:12 PM  Feb 02, 2026)
          [warning] The variable  'Phase' doesn't have an associated sweep and is excluded from the definition of trace. (11:19:12 PM  Feb 02, 2026)
          [warning] The trace 'db(S11)' refers to a solution that has been either deleted or is no longer applicable for trace's report type. The trace has been deleted as a result.  (11:21:40 PM  Feb 02, 2026)
          [warning] The report 'patch28s11' was deleted because its traces were invalidated due to the edit. (11:21:40 PM  Feb 02, 2026)
          [warning] HFSS_P8E: Solutions have been invalidated. Undo to recover. (11:21:40 PM  Feb 02, 2026)
          [error] Script macro error: Optimization_1MVJNJ - 'dB(RealizedGainPhi)' : Invalid calculation expression: the definition of the calculation 'dB(RealizedGainPhi)' is incorrect or the calculation may not be defined for the selected solution 'MySetup : Sweep1_1FJ69X'. (11:21:54 PM  Feb 02, 2026)
          [info] A discrete frequency sweep with 3 point(s) has been started using HFSS - Solving Distributed. (11:25:14 PM  Feb 02, 2026)
          [info] Discrete frequency sweep complete. (11:25:14 PM  Feb 02, 2026)
          [info] Normal completion of simulation on server: Local Machine. (11:25:14 PM  Feb 02, 2026)
          [warning] The variable  'Phase' doesn't have an associated sweep and is excluded from the definition of trace. (11:25:16 PM  Feb 02, 2026)
          [error] Script macro error: Optimization_W5V2BQ - Invalid calculation range: variable 'Phi' needs to have a range specified. (11:49:17 PM  Feb 02, 2026)
          [info] A discrete frequency sweep with 3 point(s) has been started using HFSS - Solving Distributed. (11:49:25 PM  Feb 02, 2026)
          [info] Discrete frequency sweep complete. (11:49:25 PM  Feb 02, 2026)
          [info] Normal completion of simulation on server: Local Machine. (11:49:25 PM  Feb 02, 2026)
          [warning] Report Name 'patch28gain' is already in use or invalid. Creating report with name 'patch28gain1'. (11:49:27 PM  Feb 02, 2026)
          [warning] The variable  'Phase' doesn't have an associated sweep and is excluded from the definition of trace. (11:49:27 PM  Feb 02, 2026)
          [error] Script macro error: Optimization_N888S3 - Invalid calculation range: variable 'Freq' needs to have a range specified. (11:51:53 PM  Feb 02, 2026)
          [info] A discrete frequency sweep with 3 point(s) has been started using HFSS - Solving Distributed. (11:52:01 PM  Feb 02, 2026)
          [info] Discrete frequency sweep complete. (11:52:01 PM  Feb 02, 2026)
          [info] Normal completion of simulation on server: Local Machine. (11:52:01 PM  Feb 02, 2026)
          [warning] The variable  'Phase' doesn't have an associated sweep and is excluded from the definition of trace. (11:52:02 PM  Feb 02, 2026)
          [error] Script macro error: Optimization_HWILDZ - Invalid calculation range: variable 'Freq' needs to have a range specified. (11:57:45 PM  Feb 02, 2026)
          [info] A discrete frequency sweep with 3 point(s) has been started using HFSS - Solving Distributed. (11:57:53 PM  Feb 02, 2026)
          [info] Discrete frequency sweep complete. (11:57:53 PM  Feb 02, 2026)
          [info] Normal completion of simulation on server: Local Machine. (11:57:53 PM  Feb 02, 2026)
          [warning] The variable  'Phase' doesn't have an associated sweep and is excluded from the definition of trace. (11:57:55 PM  Feb 02, 2026)
          [error] Script macro error: Optimization_ZX32XP - Invalid calculation range: variable 'Freq' needs to have a range specified. (11:59:25 PM  Feb 02, 2026)
          [info] A discrete frequency sweep with 3 point(s) has been started using HFSS - Solving Distributed. (11:59:32 PM  Feb 02, 2026)
          [info] Discrete frequency sweep complete. (11:59:32 PM  Feb 02, 2026)
          [info] Normal completion of simulation on server: Local Machine. (11:59:32 PM  Feb 02, 2026)
          [warning] Report Name 'patch28gain2' is already in use or invalid. Creating report with name 'patch28gain3'. (11:59:34 PM  Feb 02, 2026)
          [warning] The variable  'Phase' doesn't have an associated sweep and is excluded from the definition of trace. (11:59:34 PM  Feb 02, 2026)
          [error] Script macro error: Optimization_MMKLUD - Invalid calculation range: variable 'Freq' needs to have a range specified. (12:00:28 AM  Feb 03, 2026)
          [info] A discrete frequency sweep with 3 point(s) has been started using HFSS - Solving Distributed. (12:00:35 AM  Feb 03, 2026)
          [info] Discrete frequency sweep complete. (12:00:35 AM  Feb 03, 2026)
          [info] Normal completion of simulation on server: Local Machine. (12:00:35 AM  Feb 03, 2026)
          [warning] Report Name 'patch28gain2' is already in use or invalid. Creating report with name 'patch28gain4'. (12:00:38 AM  Feb 03, 2026)
          [warning] The variable  'Phase' doesn't have an associated sweep and is excluded from the definition of trace. (12:00:38 AM  Feb 03, 2026)
          [error] Script macro error: Optimization_MMRDF4 - Invalid calculation range expression: specified min/max range cannot select any values for sweep Freq. (12:03:05 AM  Feb 03, 2026)
          [info] A discrete frequency sweep with 3 point(s) has been started using HFSS - Solving Distributed. (12:03:12 AM  Feb 03, 2026)
          [info] Discrete frequency sweep complete. (12:03:12 AM  Feb 03, 2026)
          [info] Normal completion of simulation on server: Local Machine. (12:03:12 AM  Feb 03, 2026)
          [warning] The variable  'Phase' doesn't have an associated sweep and is excluded from the definition of trace. (12:03:13 AM  Feb 03, 2026)
          [error] Script macro error: Optimization_6WJ1HB - Invalid calculation range expression: specified min/max range cannot select any values for sweep Freq. (12:03:55 AM  Feb 03, 2026)
          [info] A discrete frequency sweep with 3 point(s) has been started using HFSS - Solving Distributed. (12:04:02 AM  Feb 03, 2026)
          [info] Discrete frequency sweep complete. (12:04:02 AM  Feb 03, 2026)
          [info] Normal completion of simulation on server: Local Machine. (12:04:02 AM  Feb 03, 2026)
          [warning] The variable  'Phase' doesn't have an associated sweep and is excluded from the definition of trace. (12:04:04 AM  Feb 03, 2026)
          [error] Script macro error: Optimization_8EVWRT - Invalid calculation range: variable 'Freq' needs to have a range specified. (12:05:16 AM  Feb 03, 2026)
          [info] A discrete frequency sweep with 3 point(s) has been started using HFSS - Solving Distributed. (12:05:24 AM  Feb 03, 2026)
          [info] Discrete frequency sweep complete. (12:05:24 AM  Feb 03, 2026)
          [info] Normal completion of simulation on server: Local Machine. (12:05:24 AM  Feb 03, 2026)
          [warning] Report Name 'patch28gain2' is already in use or invalid. Creating report with name 'patch28gain3'. (12:05:26 AM  Feb 03, 2026)
          [warning] The variable  'Phase' doesn't have an associated sweep and is excluded from the definition of trace. (12:05:26 AM  Feb 03, 2026)
          [info] A discrete frequency sweep with 3 point(s) has been started using HFSS - Solving Distributed. (12:06:30 AM  Feb 03, 2026)
          [info] Discrete frequency sweep complete. (12:06:30 AM  Feb 03, 2026)
          [info] Normal completion of simulation on server: Local Machine. (12:06:30 AM  Feb 03, 2026)
          [info] Optimization Analysis on Optimization_8T7ZR4 has been started. (12:06:30 AM  Feb 03, 2026)
          [info] A variation (d='0.31872271mm' dw='0.8478529mm' w='3.13476mm' w_inset='0.34483659mm') has been requested using the following machines: Local Machine. (12:06:32 AM  Feb 03, 2026)
          [info] A discrete frequency sweep with 3 point(s) has been started using HFSS - Solving Distributed. (12:06:34 AM  Feb 03, 2026)
          [info] Discrete frequency sweep complete. (12:06:34 AM  Feb 03, 2026)
          [info] A variation (d='0.32341005mm' dw='0.8478529mm' w='3.13476mm' w_inset='0.34483659mm') has been requested using the following machines: Local Machine. (12:06:35 AM  Feb 03, 2026)
          [info] A discrete frequency sweep with 3 point(s) has been started using HFSS - Solving Distributed. (12:09:59 AM  Feb 03, 2026)
          [info] Discrete frequency sweep complete. (12:09:59 AM  Feb 03, 2026)
          [info] A variation (d='0.31872271mm' dw='0.86032195mm' w='3.13476mm' w_inset='0.34483659mm') has been requested using the following machines: Local Machine. (12:10:00 AM  Feb 03, 2026)
          [info] A discrete frequency sweep with 3 point(s) has been started using HFSS - Solving Distributed. (12:13:33 AM  Feb 03, 2026)
          [info] Discrete frequency sweep complete. (12:13:33 AM  Feb 03, 2026)
          [info] A variation (d='0.31872271mm' dw='0.8478529mm' w='3.1808617mm' w_inset='0.34483659mm') has been requested using the following machines: Local Machine. (12:13:35 AM  Feb 03, 2026)
          [info] A discrete frequency sweep with 3 point(s) has been started using HFSS - Solving Distributed. (12:16:59 AM  Feb 03, 2026)
          [info] Discrete frequency sweep complete. (12:16:59 AM  Feb 03, 2026)
          [info] A variation (d='0.31872271mm' dw='0.8478529mm' w='3.13476mm' w_inset='0.34990797mm') has been requested using the following machines: Local Machine. (12:16:59 AM  Feb 03, 2026)
          [info] A discrete frequency sweep with 3 point(s) has been started using HFSS - Solving Distributed. (12:20:05 AM  Feb 03, 2026)
          [info] Discrete frequency sweep complete. (12:20:05 AM  Feb 03, 2026)
          [info] A variation (d='0.31403538mm' dw='0.8478529mm' w='3.13476mm' w_inset='0.34483659mm') has been requested using the following machines: Local Machine. (12:20:06 AM  Feb 03, 2026)
          [info] A discrete frequency sweep with 3 point(s) has been started using HFSS - Solving Distributed. (12:23:15 AM  Feb 03, 2026)
          [info] Discrete frequency sweep complete. (12:23:15 AM  Feb 03, 2026)
          [info] A variation (d='0.31872271mm' dw='0.83538385mm' w='3.13476mm' w_inset='0.34483659mm') has been requested using the following machines: Local Machine. (12:23:15 AM  Feb 03, 2026)
          [info] A discrete frequency sweep with 3 point(s) has been started using HFSS - Solving Distributed. (12:26:37 AM  Feb 03, 2026)
          [info] Discrete frequency sweep complete. (12:26:37 AM  Feb 03, 2026)
          [info] A variation (d='0.31872271mm' dw='0.8478529mm' w='3.0886583mm' w_inset='0.34483659mm') has been requested using the following machines: Local Machine. (12:26:38 AM  Feb 03, 2026)
          [info] A discrete frequency sweep with 3 point(s) has been started using HFSS - Solving Distributed. (12:29:46 AM  Feb 03, 2026)
          [info] Discrete frequency sweep complete. (12:29:46 AM  Feb 03, 2026)
          [info] A variation (d='0.31872271mm' dw='0.8478529mm' w='3.13476mm' w_inset='0.33976521mm') has been requested using the following machines: Local Machine. (12:29:47 AM  Feb 03, 2026)
          [info] A discrete frequency sweep with 3 point(s) has been started using HFSS - Solving Distributed. (12:32:43 AM  Feb 03, 2026)
          [info] Discrete frequency sweep complete. (12:32:43 AM  Feb 03, 2026)
          [info] A variation (d='0.35059499mm' dw='0.76306761mm' w='3.448236mm' w_inset='0.31035293mm') has been requested using the following machines: Local Machine. (12:32:44 AM  Feb 03, 2026)
          [info] A discrete frequency sweep with 3 point(s) has been started using HFSS - Solving Distributed. (12:35:14 AM  Feb 03, 2026)
          [info] Discrete frequency sweep complete. (12:35:14 AM  Feb 03, 2026)
          [info] A variation (d='0.33259311mm' dw='0.81095546mm' w='3.2711806mm' w_inset='0.32982976mm') has been requested using the following machines: Local Machine. (12:35:14 AM  Feb 03, 2026)
          [info] A discrete frequency sweep with 3 point(s) has been started using HFSS - Solving Distributed. (12:38:20 AM  Feb 03, 2026)
          [info] Discrete frequency sweep complete. (12:38:20 AM  Feb 03, 2026)
          [info] A variation (d='0.33725962mm' dw='0.81095546mm' w='3.2711806mm' w_inset='0.32982976mm') has been requested using the following machines: Local Machine. (12:38:21 AM  Feb 03, 2026)
          [info] A discrete frequency sweep with 3 point(s) has been started using HFSS - Solving Distributed. (12:41:14 AM  Feb 03, 2026)
          [info] Discrete frequency sweep complete. (12:41:14 AM  Feb 03, 2026)
          [info] A variation (d='0.33259311mm' dw='0.82336911mm' w='3.2711806mm' w_inset='0.32982976mm') has been requested using the following machines: Local Machine. (12:41:16 AM  Feb 03, 2026)
          [info] A discrete frequency sweep with 3 point(s) has been started using HFSS - Solving Distributed. (12:44:37 AM  Feb 03, 2026)
          [info] Discrete frequency sweep complete. (12:44:37 AM  Feb 03, 2026)
          [info] A variation (d='0.33259311mm' dw='0.81095546mm' w='3.3170775mm' w_inset='0.32982976mm') has been requested using the following machines: Local Machine. (12:44:38 AM  Feb 03, 2026)
          [info] A discrete frequency sweep with 3 point(s) has been started using HFSS - Solving Distributed. (12:47:29 AM  Feb 03, 2026)
          [info] Discrete frequency sweep complete. (12:47:29 AM  Feb 03, 2026)
          [info] A variation (d='0.33259311mm' dw='0.81095546mm' w='3.2711806mm' w_inset='0.33487861mm') has been requested using the following machines: Local Machine. (12:47:30 AM  Feb 03, 2026)
          [info] A discrete frequency sweep with 3 point(s) has been started using HFSS - Solving Distributed. (12:50:04 AM  Feb 03, 2026)
          [info] Discrete frequency sweep complete. (12:50:04 AM  Feb 03, 2026)
          [info] A variation (d='0.33259311mm' dw='0.81095546mm' w='3.2711806mm' w_inset='0.32478091mm') has been requested using the following machines: Local Machine. (12:50:05 AM  Feb 03, 2026)
          [info] A discrete frequency sweep with 3 point(s) has been started using HFSS - Solving Distributed. (12:52:57 AM  Feb 03, 2026)
          [info] Discrete frequency sweep complete. (12:52:57 AM  Feb 03, 2026)
          [info] A variation (d='0.30072084mm' dw='0.8069136mm' w='3.2679908mm' w_inset='0.32876415mm') has been requested using the following machines: Local Machine. (12:52:58 AM  Feb 03, 2026)
          [info] A discrete frequency sweep with 3 point(s) has been started using HFSS - Solving Distributed. (12:56:25 AM  Feb 03, 2026)
          [info] Discrete frequency sweep complete. (12:56:25 AM  Feb 03, 2026)
          [info] A variation (d='0.31816383mm' dw='0.80912562mm' w='3.2697365mm' w_inset='0.32934733mm') has been requested using the following machines: Local Machine. (12:56:27 AM  Feb 03, 2026)
          [info] A discrete frequency sweep with 3 point(s) has been started using HFSS - Solving Distributed. (12:59:33 AM  Feb 03, 2026)
          [info] Discrete frequency sweep complete. (12:59:33 AM  Feb 03, 2026)
          [info] A variation (d='0.32774156mm' dw='0.81034021mm' w='3.2706951mm' w_inset='0.32966755mm') has been requested using the following machines: Local Machine. (12:59:33 AM  Feb 03, 2026)
          [info] A discrete frequency sweep with 3 point(s) has been started using HFSS - Solving Distributed. (01:02:11 AM  Feb 03, 2026)
          [info] Discrete frequency sweep complete. (01:02:11 AM  Feb 03, 2026)
          [info] A variation (d='0.32987757mm' dw='0.81034021mm' w='3.2706951mm' w_inset='0.32966755mm') has been requested using the following machines: Local Machine. (01:02:13 AM  Feb 03, 2026)
          [info] A discrete frequency sweep with 3 point(s) has been started using HFSS - Solving Distributed. (01:05:03 AM  Feb 03, 2026)
          [info] Discrete frequency sweep complete. (01:05:03 AM  Feb 03, 2026)
          [info] A variation (d='0.32774156mm' dw='0.82307809mm' w='3.2706951mm' w_inset='0.32966755mm') has been requested using the following machines: Local Machine. (01:05:04 AM  Feb 03, 2026)
          [info] A discrete frequency sweep with 3 point(s) has been started using HFSS - Solving Distributed. (01:08:03 AM  Feb 03, 2026)
          [info] Discrete frequency sweep complete. (01:08:03 AM  Feb 03, 2026)
          [info] A variation (d='0.32774156mm' dw='0.81034021mm' w='3.2934455mm' w_inset='0.32966755mm') has been requested using the following machines: Local Machine. (01:08:04 AM  Feb 03, 2026)
          [info] A discrete frequency sweep with 3 point(s) has been started using HFSS - Solving Distributed. (01:11:01 AM  Feb 03, 2026)
          [info] Discrete frequency sweep complete. (01:11:01 AM  Feb 03, 2026)
          [info] A variation (d='0.32774156mm' dw='0.81034021mm' w='3.2706951mm' w_inset='0.33547651mm') has been requested using the following machines: Local Machine. (01:11:02 AM  Feb 03, 2026)
          [info] A discrete frequency sweep with 3 point(s) has been started using HFSS - Solving Distributed. (01:13:47 AM  Feb 03, 2026)
          [info] Discrete frequency sweep complete. (01:13:47 AM  Feb 03, 2026)
          [info] A variation (d='0.32560554mm' dw='0.81034021mm' w='3.2706951mm' w_inset='0.32966755mm') has been requested using the following machines: Local Machine. (01:13:48 AM  Feb 03, 2026)
          [info] A discrete frequency sweep with 3 point(s) has been started using HFSS - Solving Distributed. (01:16:56 AM  Feb 03, 2026)
          [info] Discrete frequency sweep complete. (01:16:56 AM  Feb 03, 2026)
          [info] A variation (d='0.32774156mm' dw='0.81034021mm' w='3.2706951mm' w_inset='0.3238586mm') has been requested using the following machines: Local Machine. (01:16:56 AM  Feb 03, 2026)
          [info] A discrete frequency sweep with 3 point(s) has been started using HFSS - Solving Distributed. (01:19:50 AM  Feb 03, 2026)
          [info] Discrete frequency sweep complete. (01:19:50 AM  Feb 03, 2026)
          [info] A variation (d='0.32454316mm' dw='0.72555492mm' w='3.1786042mm' w_inset='0.29775521mm') has been requested using the following machines: Local Machine. (01:19:52 AM  Feb 03, 2026)
          [info] A discrete frequency sweep with 3 point(s) has been started using HFSS - Solving Distributed. (01:23:24 AM  Feb 03, 2026)
          [info] Discrete frequency sweep complete. (01:23:24 AM  Feb 03, 2026)
          [info] A variation (d='0.3264469mm' dw='0.7760206mm' w='3.2334183mm' w_inset='0.31674999mm') has been requested using the following machines: Local Machine. (01:23:25 AM  Feb 03, 2026)
          [info] A discrete frequency sweep with 3 point(s) has been started using HFSS - Solving Distributed. (01:26:14 AM  Feb 03, 2026)
          [info] Discrete frequency sweep complete. (01:26:14 AM  Feb 03, 2026)
          [info] A variation (d='0.32818207mm' dw='0.81034021mm' w='3.2706951mm' w_inset='0.3238586mm') has been requested using the following machines: Local Machine. (01:26:15 AM  Feb 03, 2026)
          [info] A discrete frequency sweep with 3 point(s) has been started using HFSS - Solving Distributed. (01:29:11 AM  Feb 03, 2026)
          [info] Discrete frequency sweep complete. (01:29:11 AM  Feb 03, 2026)
          [info] A variation (d='0.32774156mm' dw='0.81882936mm' w='3.2706951mm' w_inset='0.3238586mm') has been requested using the following machines: Local Machine. (01:29:12 AM  Feb 03, 2026)
          [info] A discrete frequency sweep with 3 point(s) has been started using HFSS - Solving Distributed. (01:32:06 AM  Feb 03, 2026)
          [info] Discrete frequency sweep complete. (01:32:06 AM  Feb 03, 2026)
          [info] A variation (d='0.32774156mm' dw='0.81034021mm' w='3.3056199mm' w_inset='0.3238586mm') has been requested using the following machines: Local Machine. (01:32:07 AM  Feb 03, 2026)
          [info] A discrete frequency sweep with 3 point(s) has been started using HFSS - Solving Distributed. (01:35:01 AM  Feb 03, 2026)
          [info] Discrete frequency sweep complete. (01:35:01 AM  Feb 03, 2026)
          [info] A variation (d='0.32730104mm' dw='0.81034021mm' w='3.2706951mm' w_inset='0.3238586mm') has been requested using the following machines: Local Machine. (01:35:02 AM  Feb 03, 2026)
          [info] A discrete frequency sweep with 3 point(s) has been started using HFSS - Solving Distributed. (01:38:19 AM  Feb 03, 2026)
          [info] Discrete frequency sweep complete. (01:38:19 AM  Feb 03, 2026)
          [info] A variation (d='0.32774156mm' dw='0.81034021mm' w='3.2706951mm' w_inset='0.31423895mm') has been requested using the following machines: Local Machine. (01:38:21 AM  Feb 03, 2026)
          [info] A discrete frequency sweep with 3 point(s) has been started using HFSS - Solving Distributed. (01:41:15 AM  Feb 03, 2026)
          [info] Discrete frequency sweep complete. (01:41:15 AM  Feb 03, 2026)
          [info] A variation (d='0.32737524mm' dw='0.78154736mm' w='3.2715584mm' w_inset='0.28937494mm') has been requested using the following machines: Local Machine. (01:41:15 AM  Feb 03, 2026)
          [info] A discrete frequency sweep with 3 point(s) has been started using HFSS - Solving Distributed. (01:44:45 AM  Feb 03, 2026)
          [info] Discrete frequency sweep complete. (01:44:45 AM  Feb 03, 2026)
          [info] A variation (d='0.32761191mm' dw='0.80015014mm' w='3.2710006mm' w_inset='0.31165449mm') has been requested using the following machines: Local Machine. (01:44:46 AM  Feb 03, 2026)
          [info] A discrete frequency sweep with 3 point(s) has been started using HFSS - Solving Distributed. (01:47:52 AM  Feb 03, 2026)
          [info] Discrete frequency sweep complete. (01:47:52 AM  Feb 03, 2026)
          [info] A variation (d='0.32774156mm' dw='0.80185106mm' w='3.2706951mm' w_inset='0.3238586mm') has been requested using the following machines: Local Machine. (01:47:53 AM  Feb 03, 2026)
          [info] A discrete frequency sweep with 3 point(s) has been started using HFSS - Solving Distributed. (01:51:01 AM  Feb 03, 2026)
          [info] Discrete frequency sweep complete. (01:51:01 AM  Feb 03, 2026)
          [info] A variation (d='0.32774156mm' dw='0.81034021mm' w='3.2357703mm' w_inset='0.3238586mm') has been requested using the following machines: Local Machine. (01:51:02 AM  Feb 03, 2026)
          [info] A discrete frequency sweep with 3 point(s) has been started using HFSS - Solving Distributed. (01:54:03 AM  Feb 03, 2026)
          [info] Discrete frequency sweep complete. (01:54:03 AM  Feb 03, 2026)
          [info] A variation (d='0.32815431mm' dw='0.82571807mm' w='3.1522083mm' w_inset='0.33712442mm') has been requested using the following machines: Local Machine. (01:54:04 AM  Feb 03, 2026)
          [info] A discrete frequency sweep with 3 point(s) has been started using HFSS - Solving Distributed. (01:56:58 AM  Feb 03, 2026)
          [info] Discrete frequency sweep complete. (01:56:58 AM  Feb 03, 2026)
          [info] A variation (d='0.32792919mm' dw='0.81733079mm' w='3.2168325mm' w_inset='0.32988907mm') has been requested using the following machines: Local Machine. (01:56:59 AM  Feb 03, 2026)
          [info] A discrete frequency sweep with 3 point(s) has been started using HFSS - Solving Distributed. (02:00:17 AM  Feb 03, 2026)
          [info] Discrete frequency sweep complete. (02:00:17 AM  Feb 03, 2026)
          [info] Optimization Analysis is done - Acceptable cost limit NOT satisfied. Restarting the optimization may result in a better optimum.. (02:00:17 AM  Feb 03, 2026)
          [warning] Report Name 'patch28gain2' is already in use or invalid. Creating report with name 'patch28gain4'. (02:00:20 AM  Feb 03, 2026)
          [warning] The variable  'Phase' doesn't have an associated sweep and is excluded from the definition of trace. (02:00:20 AM  Feb 03, 2026)
-- Message Window --
